  1/128 (66s)
  2/128 (66s)
  3/128 (71s)
  4/128 (111s)
  5/128 (111s)
  6/128 (124s)
  7/128 (139s)
  8/128 (142s)
  9/128 (167s)
  10/128 (179s)
  11/128 (211s)
  12/128 (216s)
  13/128 (217s)
  14/128 (249s)
  15/128 (253s)
  16/128 (256s)
  17/128 (271s)
  18/128 (273s)
  19/128 (280s)
  20/128 (291s)
  21/128 (305s)
  22/128 (314s)
  23/128 (329s)
  24/128 (356s)
  25/128 (360s)
  26/128 (378s)
  27/128 (380s)
  28/128 (382s)
  29/128 (432s)
  30/128 (432s)
  31/128 (446s)
  32/128 (488s)
  33/128 (492s)
  34/128 (498s)
  35/128 (530s)
  36/128 (536s)
  37/128 (549s)
  38/128 (569s)
  39/128 (570s)
  40/128 (592s)
  41/128 (609s)
  42/128 (615s)
  43/128 (632s)
  44/128 (652s)
  45/128 (656s)
  46/128 (675s)
  47/128 (689s)
  48/128 (692s)
  49/128 (720s)
  50/128 (728s)
  51/128 (734s)
  52/128 (749s)
  53/128 (780s)
  54/128 (783s)
  55/128 (787s)
  56/128 (815s)
  57/128 (824s)
  58/128 (837s)
  59/128 (856s)
  60/128 (862s)
  61/128 (874s)
  62/128 (900s)
  63/128 (913s)
  64/128 (913s)
  65/128 (929s)
  66/128 (943s)
  67/128 (954s)
  68/128 (969s)
  69/128 (985s)
  70/128 (988s)
  71/128 (989s)
  72/128 (1010s)
  73/128 (1024s)
  74/128 (1040s)
  75/128 (1059s)
  76/128 (1075s)
  77/128 (1086s)
  78/128 (1101s)
  79/128 (1125s)
  80/128 (1127s)
  81/128 (1128s)
  82/128 (1157s)
  83/128 (1159s)
  84/128 (1169s)
  85/128 (1212s)
  86/128 (1218s)
  87/128 (1222s)
  88/128 (1266s)
  89/128 (1269s)
  90/128 (1285s)
  91/128 (1289s)
  92/128 (1290s)
  93/128 (1335s)
  94/128 (1342s)
  95/128 (1350s)
  96/128 (1383s)
  97/128 (1393s)
  98/128 (1396s)
  99/128 (1421s)
  100/128 (1434s)
  101/128 (1440s)
  102/128 (1461s)
  103/128 (1475s)
  104/128 (1478s)
  105/128 (1511s)
  106/128 (1520s)
  107/128 (1522s)
  108/128 (1556s)
  109/128 (1558s)
  110/128 (1561s)
  111/128 (1585s)
  112/128 (1586s)
  113/128 (1593s)
  114/128 (1626s)
  115/128 (1626s)
  116/128 (1636s)
  117/128 (1663s)
  118/128 (1673s)
  119/128 (1676s)
  120/128 (1704s)
  121/128 (1716s)
  122/128 (1728s)
  123/128 (1750s)
  124/128 (1770s)
  125/128 (1773s)
  126/128 (1801s)
  127/128 (1810s)
  128/128 (1811s)
seeds 0-15 (n = 16), individuality off, 1814 s
  A: run 1 vs run 2 rho = +0.98 (p = 1.01e-10), unfinished lanes 0
  B: run 1 vs run 2 rho = +0.55 (p = 0.0273), unfinished lanes 0
  C: run 1 vs run 2 rho = +0.94 (p = 5.59e-08), unfinished lanes 0
  D: run 1 vs run 2 rho = -0.08 (p = 0.77), unfinished lanes 0
  post-warm-up gain vs mean finishing time (A): rho = -0.51 (p = 0.0441)
  post-warm-up walk_base vs mean finishing time (A): rho = +0.98 (p = 1.36e-11)
  post-warm-up walk_fast vs mean finishing time (A): rho = +0.39 (p = 0.134)
  post-warm-up whole_brain_hz vs mean finishing time (A): rho = +0.56 (p = 0.0227)
